 
 -------------- celery@gclxdeMacBook-Pro.local v5.6.2 (recovery)
--- ***** ----- 
-- ******* ---- macOS-26.0.1-arm64-arm-64bit-Mach-O 2026-03-01 19:03:03
- *** --- * --- 
- ** ---------- [config]
- ** ---------- .> app:         platform_backend:0x1075b8440
- ** ---------- .> transport:   redis://localhost:6379/0
- ** ---------- .> results:     
- *** --- * --- .> concurrency: 10 (prefork)
-- ******* ---- .> task events: OFF (enable -E to monitor tasks in this worker)
--- ***** ----- 
 -------------- [queues]
                .> celery           exchange=celery(direct) key=celery
                

[tasks]
  . core.tasks.run_extraction_pipeline
  . platform_backend.celery.debug_task

[2026-03-01 19:03:04,114: INFO/MainProcess] Connected to redis://localhost:6379/0
[2026-03-01 19:03:04,125: INFO/MainProcess] mingle: searching for neighbors
[2026-03-01 19:03:05,183: WARNING/MainProcess] /Users/gclx/Work/data_extraction/myenv/lib/python3.13/site-packages/celery/app/control.py:56: Dup[2026-03-01 19:03:36,967: INFO/MainProcess] Task core.tasks.run_extraction_pipeline[404b3b4b-3ac6-4f51-9e25-577df4f9444f] received
[2026-03-01 19:04:16,503: INFO/ForkPoolWorker-8] Task core.tasks.run_extraction_pipeline[404b3b4b-3ac6-4f51-9e25-577df4f9444f] succeeded in 39.53183112491388s: True
26-03-01 19:03:05,243: INFO/MainProcess] celery@gclxdeMacBook-Pro.local ready.

worker: Hitting Ctrl+C again will initiate cold shutdown, terminating all running tasks!

worker: Warm shutdown (MainProcess)
