Watching for file changes with StatReloader
/Users/gclx/data_extraction/venv/lib/python3.9/site-packages/urllib3/__init__.py:35: NotOpenSSLWarning: urllib3 v2 only supports OpenSSL 1.1.1+, currently the 'ssl' module is compiled with 'LibreSSL 2.8.3'. See: https://github.com/urllib3/urllib3/issues/3020
  warnings.warn(
[20/Apr/2026 19:41:08] "GET / HTTP/1.1" 200 77402
Internal Server Error: /api/projects/
Traceback (most recent call last):
  File "/Users/gclx/data_extraction/venv/lib/python3.9/site-packages/django/db/backends/utils.py", line 89, in _execute
    return self.cursor.execute(sql, params)
  File "/Users/gclx/data_extraction/venv/lib/python3.9/site-packages/django/db/backends/mysql/base.py", line 75, in execute
    return self.cursor.execute(query, args)
  File "/Users/gclx/data_extraction/venv/lib/python3.9/site-packages/pymysql/cursors.py", line 153, in execute
    result = self._query(query)
  File "/Users/gclx/data_extraction/venv/lib/python3.9/site-packages/pymysql/cursors.py", line 322, in _query
    conn.query(q)
  File "/Users/gclx/data_extraction/venv/lib/python3.9/site-packages/pymysql/connections.py", line 575, in query
    self._affected_rows = self._read_query_result(unbuffered=unbuffered)
  File "/Users/gclx/data_extraction/venv/lib/python3.9/site-packages/pymysql/connections.py", line 826, in _read_query_result
    result.read()
  File "/Users/gclx/data_extraction/venv/lib/python3.9/site-packages/pymysql/connections.py", line 1203, in read
    first_packet = self.connection._read_packet()
  File "/Users/gclx/data_extraction/venv/lib/python3.9/site-packages/pymysql/connections.py", line 782, in _read_packet
    packet.raise_for_error()
  File "/Users/gclx/data_extraction/venv/lib/python3.9/site-packages/pymysql/protocol.py", line 219, in raise_for_error
    err.raise_mysql_exception(self._data)
  File "/Users/gclx/data_extraction/venv/lib/python3.9/site-packages/pymysql/err.py", line 150, in raise_mysql_exception
    raise errorclass(errno, errval)
pymysql.err.OperationalError: (1054, "Unknown column 'core_project.creator_id' in 'field list'")

The above exception was the direct cause of the following exception:

Traceback (most recent call last):
  File "/Users/gclx/data_extraction/venv/lib/python3.9/site-packages/django/core/handlers/exception.py", line 55, in inner
    response = get_response(request)
  File "/Users/gclx/data_extraction/venv/lib/python3.9/site-packages/django/core/handlers/base.py", line 197, in _get_response
    response = wrapped_callback(request, *callback_args, **callback_kwargs)
  File "/Users/gclx/data_extraction/venv/lib/python3.9/site-packages/django/views/decorators/csrf.py", line 56, in wrapper_view
    return view_func(*args, **kwargs)
  File "/Users/gclx/data_extraction/venv/lib/python3.9/site-packages/rest_framework/viewsets.py", line 125, in view
    return self.dispatch(request, *args, **kwargs)
  File "/Users/gclx/data_extraction/venv/lib/python3.9/site-packages/rest_framework/views.py", line 515, in dispatch
    response = self.handle_exception(exc)
  File "/Users/gclx/data_extraction/venv/lib/python3.9/site-packages/rest_framework/views.py", line 475, in handle_exception
    self.raise_uncaught_exception(exc)
  File "/Users/gclx/data_extraction/venv/lib/python3.9/site-packages/rest_framework/views.py", line 486, in raise_uncaught_exception
    raise exc
  File "/Users/gclx/data_extraction/venv/lib/python3.9/site-packages/rest_framework/views.py", line 512, in dispatch
    response = handler(request, *args, **kwargs)
  File "/Users/gclx/data_extraction/venv/lib/python3.9/site-packages/rest_framework/mixins.py", line 46, in list
    return Response(serializer.data)
  File "/Users/gclx/data_extraction/venv/lib/python3.9/site-packages/rest_framework/serializers.py", line 797, in data
    ret = super().data
  File "/Users/gclx/data_extraction/venv/lib/python3.9/site-packages/rest_framework/serializers.py", line 251, in data
    self._data = self.to_representation(self.instance)
  File "/Users/gclx/data_extraction/venv/lib/python3.9/site-packages/rest_framework/serializers.py", line 715, in to_representation
    return [
  File "/Users/gclx/data_extraction/venv/lib/python3.9/site-packages/django/db/models/query.py", line 400, in __iter__
    self._fetch_all()
  File "/Users/gclx/data_extraction/venv/lib/python3.9/site-packages/django/db/models/query.py", line 1886, in _fetch_all
    self._result_cache = list(self._iterable_class(self))
  File "/Users/gclx/data_extraction/venv/lib/python3.9/site-packages/django/db/models/query.py", line 93, in __iter__
    results = compiler.execute_sql(
  File "/Users/gclx/data_extraction/venv/lib/python3.9/site-packages/django/db/models/sql/compiler.py", line 1562, in execute_sql
    cursor.execute(sql, params)
  File "/Users/gclx/data_extraction/venv/lib/python3.9/site-packages/django/db/backends/utils.py", line 102, in execute
    return super().execute(sql, params)
  File "/Users/gclx/data_extraction/venv/lib/python3.9/site-packages/django/db/backends/utils.py", line 67, in execute
    return self._execute_with_wrappers(
  File "/Users/gclx/data_extraction/venv/lib/python3.9/site-packages/django/db/backends/utils.py", line 80, in _execute_with_wrappers
    return executor(sql, params, many, context)
  File "/Users/gclx/data_extraction/venv/lib/python3.9/site-packages/django/db/backends/utils.py", line 89, in _execute
    return self.cursor.execute(sql, params)
  File "/Users/gclx/data_extraction/venv/lib/python3.9/site-packages/django/db/utils.py", line 91, in __exit__
    raise dj_exc_value.with_traceback(traceback) from exc_value
  File "/Users/gclx/data_extraction/venv/lib/python3.9/site-packages/django/db/backends/utils.py", line 89, in _execute
    return self.cursor.execute(sql, params)
  File "/Users/gclx/data_extraction/venv/lib/python3.9/site-packages/django/db/backends/mysql/base.py", line 75, in execute
    return self.cursor.execute(query, args)
  File "/Users/gclx/data_extraction/venv/lib/python3.9/site-packages/pymysql/cursors.py", line 153, in execute
    result = self._query(query)
  File "/Users/gclx/data_extraction/venv/lib/python3.9/site-packages/pymysql/cursors.py", line 322, in _query
    conn.query(q)
  File "/Users/gclx/data_extraction/venv/lib/python3.9/site-packages/pymysql/connections.py", line 575, in query
    self._affected_rows = self._read_query_result(unbuffered=unbuffered)
  File "/Users/gclx/data_extraction/venv/lib/python3.9/site-packages/pymysql/connections.py", line 826, in _read_query_result
    result.read()
  File "/Users/gclx/data_extraction/venv/lib/python3.9/site-packages/pymysql/connections.py", line 1203, in read
    first_packet = self.connection._read_packet()
  File "/Users/gclx/data_extraction/venv/lib/python3.9/site-packages/pymysql/connections.py", line 782, in _read_packet
    packet.raise_for_error()
  File "/Users/gclx/data_extraction/venv/lib/python3.9/site-packages/pymysql/protocol.py", line 219, in raise_for_error
    err.raise_mysql_exception(self._data)
  File "/Users/gclx/data_extraction/venv/lib/python3.9/site-packages/pymysql/err.py", line 150, in raise_mysql_exception
    raise errorclass(errno, errval)
django.db.utils.OperationalError: (1054, "Unknown column 'core_project.creator_id' in 'field list'")
[20/Apr/2026 19:41:09] "GET /api/projects/ HTTP/1.1" 500 230340
